non-TMW character newline in the font Tahoma appears first at location 39
non-TMW character ' ' in the font TimesNewRoman appears first at location 45
non-TMW character '}' in the font Tahoma appears first at location 66
non-TMW character '{' in the font Tahoma appears first at location 219
non-TMW character '\' in the font Tahoma appears first at location 1237
non-TMW character newline in the font Times New Roman appears first at location 9754
